// Jest Snapshot v1, https://goo.gl/fbAQLP

exports[`Button component to match the snapshot  1`] = `
<Button
  as="button"
  color="teal"
  onClick={[Function]}
>
  OK
</Button>
`;
