// Jest Snapshot v1, https://goo.gl/fbAQLP

exports[`NavButtons match the snapshot  1`] = `
<ButtonGroup
  className=""
>
  <Button
    as="button"
    basic={true}
    color="teal"
    content="Anterior"
    floated="left"
    icon="left chevron"
    labelPosition="left"
  />
  <Button
    as="button"
    color="teal"
    content="SegÃ¼ent"
    floated="right"
    icon="right chevron"
    labelPosition="right"
  />
</ButtonGroup>
`;
