// Jest Snapshot v1, https://goo.gl/fbAQLP

exports[`ButtonNipple Component renders correct properties 1`] = `
<div
  className="buttonContainer"
>
  <div
    className="swatch"
    onClick={[Function]}
  >
    <div
      className="color"
      style={
        Object {
          "backgroundImage": "url(control_orientacio.png)",
        }
      }
    />
  </div>
</div>
`;
